<html>
<body>
<pre>
<h1>µVision Build Log</h1>
<h2>Tool Versions:</h2>
IDE-Version: µVision V5.35.0.0
Copyright (C) 2021 ARM Ltd and ARM Germany GmbH. All rights reserved.
License Information: shri hari A, HP Inc., LIC=X96CK-ZI1E5-45ST5-GM8KY-FN80A-J7AD7
 
Tool Versions:
Toolchain:       MDK-ARM Plus  Version: 5.35.0.2
Toolchain Path:  C:\Keil_v5\ARM\ARMCLANG\Bin
C Compiler:      ArmClang.exe V6.16
Assembler:       Armasm.exe V6.16
Linker/Locator:  ArmLink.exe V6.16
Library Manager: ArmAr.exe V6.16
Hex Converter:   FromElf.exe V6.16
CPU DLL:         SARMCM3.DLL V5.35.0.2
Dialog DLL:      DCM.DLL V1.17.3.0
Target DLL:      STLink\ST-LINKIII-KEIL_SWO.dll V3.0.9.0
Dialog DLL:      TCM.DLL V1.53.0.0
 
<h2>Project:</h2>
G:\desktop\keil code\stm\USART\USART.uvprojx
Project File Date:  03/24/2023

<h2>Output:</h2>
*** Using Compiler 'V6.16', folder: 'C:\Keil_v5\ARM\ARMCLANG\Bin'
Rebuild target 'Target 1'
compiling system_stm32f4xx.c...
usart.c(2): warning: In file included from...
./SysCLK.h(22): warning: no newline at end of file [-Wnewline-eof]
        
        ^
usart.c(3): warning: In file included from...
./TIMER.h(9): warning: implicit conversion changes signedness: 'int' to 'unsigned int' [-Wsign-conversion]
        TIM2->CR1&=(~(1<<2));//URS=0 only counter overflow will give intrupt
                 ~~ ^~~~~~~
./TIMER.h(10): warning: implicit conversion changes signedness: 'int' to 'unsigned int' [-Wsign-conversion]
        TIM2->CR1&=(~(1<<1));//UDIS=0;
                 ~~ ^~~~~~~
./TIMER.h(17): warning: no newline at end of file [-Wnewline-eof]
        
        ^
usart.c(4): warning: In file included from...
./USART.h(86): warning: no newline at end of file [-Wnewline-eof]
        
        ^
./USART.h(69): warning: non-void function does not return a value in all control paths [-Wreturn-type]
}
^
usart.c(16): warning: no newline at end of file [-Wnewline-eof]
}
 ^
7 warnings generated.
compiling usart.c...
assembling startup_stm32f407xx.s...
linking...
Program Size: Code=648 RO-data=408 RW-data=0 ZI-data=1632  
FromELF: creating hex file...
".\Objects\USART.axf" - 0 Error(s), 7 Warning(s).

<h2>Software Packages used:</h2>

Package Vendor: ARM
                http://www.keil.com/pack/ARM.CMSIS.5.9.0.pack
                ARM.CMSIS.5.9.0
                CMSIS (Common Microcontroller Software Interface Standard)
   * Component: USART Version: 2.4.0
   * Component: Custom Version: 1.0.0
   * Component: CORE Version: 5.6.0

Package Vendor: Keil
                https://www.keil.com/pack/Keil.STM32F4xx_DFP.2.17.0.pack
                Keil.STM32F4xx_DFP.2.17.0
                STMicroelectronics STM32F4 Series Device Support, Drivers and Examples
   * Component: Startup Version: 2.6.3

<h2>Collection of Component include folders:</h2>
  .\RTE\_Target_1
  C:\Users\kinga\AppData\Local\Arm\Packs\ARM\CMSIS\5.9.0\CMSIS\Core\Include
  C:\Users\kinga\AppData\Local\Arm\Packs\ARM\CMSIS\5.9.0\CMSIS\Driver\Include
  C:\Users\kinga\AppData\Local\Arm\Packs\Keil\STM32F4xx_DFP\2.17.0\Drivers\CMSIS\Device\ST\STM32F4xx\Include

<h2>Collection of Component Files used:</h2>

   * Component: ::CMSIS Driver:USART:2.4.0 (API)
      Include file:  CMSIS\Driver\Include\Driver_USART.h

   * Component: ARM::CMSIS Driver:USART:Custom:1.0.0
      Include file:  CMSIS\Driver\Include\Driver_USART.h
      Source file:   CMSIS\Driver\DriverTemplates\Driver_USART.c

   * Component: ARM::CMSIS:CORE:5.6.0

   * Component: Keil::Device:Startup:2.6.3
      Source file:   Drivers\CMSIS\Device\ST\STM32F4xx\Source\Templates\arm\startup_stm32f407xx.s
      Source file:   MDK\Device\Source\ARM\STM32F4xx_OTP.s
      Source file:   MDK\Device\Source\ARM\STM32F40xxx_41xxx_OPT.s
      Include file:  Drivers\CMSIS\Device\ST\STM32F4xx\Include\stm32f4xx.h
      Source file:   Drivers\CMSIS\Device\ST\STM32F4xx\Source\Templates\system_stm32f4xx.c
Build Time Elapsed:  00:00:02
</pre>
</body>
</html>
